// Jest Snapshot v1, https://goo.gl/fbAQLP

exports[`ProgressCircle Component should match snapshot  1`] = `
<StyledComponent
  forwardedComponent={
    Object {
      "$$typeof": Symbol(react.forward_ref),
      "attrs": Array [],
      "componentStyle": ComponentStyle {
        "componentId": "withStyles-sc-4wveuc-0",
        "isStatic": false,
        "rules": Array [
          [Function],
          ";",
          [Function],
          ";",
        ],
      },
      "displayName": "withStyles",
      "foldedComponentIds": Array [],
      "render": [Function],
      "styledComponentId": "withStyles-sc-4wveuc-0",
      "target": [Function],
      "toString": [Function],
      "warnTooManyClasses": [Function],
      "withComponent": [Function],
    }
  }
  forwardedRef={null}
  theme={
    Object {
      "deviceType": "desktop",
      "theme": Object {
        "primaryColor": "whitesmoke",
      },
      "zIndex": Object {
        "zFilter": 100,
        "zFilterActions": 400,
        "zFilterList": 150,
        "zFlyout": 200,
        "zLoader": 1000,
        "zMenu": 800,
        "zNativeTickSelectIcon": 50,
        "zOverlay": 900,
        "zPlacesAutocomplete": 1100,
        "zSticky": 700,
      },
    }
  }
/>
`;
