// Jest Snapshot v1, https://goo.gl/fbAQLP

exports[`Anchor Component should render correctly and match snapshot 1`] = `
<h1
  className=""
>
  Sample
</h1>
`;

exports[`Anchor Component should render with styles correctly and match snapshot 1`] = `
<h1
  className=""
>
  Sample
</h1>
`;
