// Jest Snapshot v1, https://goo.gl/fbAQLP

exports[`HomePage component should render correctly 1`] = `
<StyledComponent
  editorialData={
    Object {
      "banner": "Test Banner",
      "title": "Test Title",
    }
  }
  forwardedComponent={
    Object {
      "$$typeof": Symbol(react.forward_ref),
      "attrs": Array [],
      "componentStyle": ComponentStyle {
        "componentId": "withStyles-sc-4wveuc-0",
        "isStatic": false,
        "rules": Array [
          [Function],
          ";",
          [Function],
          ";",
        ],
      },
      "displayName": "withStyles",
      "foldedComponentIds": Array [],
      "render": [Function],
      "styledComponentId": "withStyles-sc-4wveuc-0",
      "target": [Function],
      "toString": [Function],
      "warnTooManyClasses": [Function],
      "withComponent": [Function],
    }
  }
  forwardedRef={null}
/>
`;
